// Jest Snapshot v1, https://goo.gl/fbAQLP

exports[`Contact component renders a Contact component 1`] = `
<Fragment>
  <h2>
    Contact
  </h2>
  <p />
  <p />
  <ul />
</Fragment>
`;
