// Jest Snapshot v1, https://goo.gl/fbAQLP

exports[`Skills component renders a Skills component 1`] = `
<Fragment>
  <h2>
    Skills
  </h2>
  <ul />
</Fragment>
`;
