// Jest Snapshot v1, https://goo.gl/fbAQLP

exports[`Experience component renders a Experience component 1`] = `
<Fragment>
  <h3>
    Experience
  </h3>
  <ul />
</Fragment>
`;
