// Jest Snapshot v1, https://goo.gl/fbAQLP

exports[`Title component renders a Title component 1`] = `<h3 />`;
