// Jest Snapshot v1, https://goo.gl/fbAQLP

exports[`Name component renders a Name component 1`] = `<h1 />`;
